// Vitest Snapshot v1, https://vitest.dev/guide/snapshot.html

exports[`diff > extracts the diff as expected 1`] = `
"<h2>Changes that will be deployed to production</h2>
<h3>production-saas-Web: 2 changes</h3>
<pre lang=\\"diff\\"><code>   [37m[4m[1mResources[22m[24m[39m
   [37m[33m[~][39m[37m [36mCustom::SSTBucketDeployment[39m[37m app/S3Deployment [90mappS3Deployment7E67F692[39m[37m [39m
   [37m â”œâ”€ [33m[~][39m[37m Filenames[39m
   [37m â”‚   â””â”€ [33m[~][39m[37m [34m.ObjectKey[39m[37m:[39m
   [37m â”‚       â”œâ”€ [31m[-][39m[37m [31m40630b963dd7391eecabb1df1dd91a5f99bd6750bc194555a76f1fecb2f4e725.40630b963dd7391eecabb1df1dd91a5f99bd6750bc194555a76f1fecb2f4e725[39m[37m[39m
   [37m â”‚       â””â”€ [32m[+][39m[37m [32m8bb6c67f688d46398545f50eb4f82bdd7236eac57933911dd82820eb40030929.8bb6c67f688d46398545f50eb4f82bdd7236eac57933911dd82820eb40030929[39m[37m[39m
   [37m â””â”€ [33m[~][39m[37m Sources[39m
   [37m     â””â”€ [35m@@ -1,6 +1,6 @@[39m[37m[39m
   [37m        [90m[ ][39m[37m [[39m
   [37m        [90m[ ][39m[37m   {[39m
   [37m        [90m[ ][39m[37m     \\"BucketName\\": \\"cdk-hnb659fds-assets-194218796960-eu-west-2\\",[39m
   [37m        [1m[31m[-][39m[37m [31m    \\"ObjectKey\\": \\"c355ac0582dbfd2fb3eb30b266a7c8310f1f89f1d85c17411608e247c1f5ce7a.zip\\"[39m[37m[22m[39m
   [37m        [1m[32m[+][39m[37m [32m    \\"ObjectKey\\": \\"4d84f4fea185796a31b799e9ff4dfd98a998414d9cd905f97eb6ed5195d26c92.zip\\"[39m[37m[22m[39m
   [37m        [90m[ ][39m[37m   }[39m
   [37m        [90m[ ][39m[37m ][39m
   [37m[33m[~][39m[37m [36mCustom::CloudFrontInvalidator[39m[37m app/CloudFrontInvalidator [90mappCloudFrontInvalidatorC64AD319[39m[37m [39m
   [37m â””â”€ [33m[~][39m[37m assetsHash[39m
   [37m     â”œâ”€ [31m[-][39m[37m [31mdd7c127bf063c0ddc1a7ebc2530bce06[39m[37m[39m
   [37m     â””â”€ [32m[+][39m[37m [32m2842d048ff4082d1785db59e5bad67c3[39m[37m[39m
</code></pre>
<br>
<hr>
<br>
2 changes in 1 stack to be deployed."
`;
